<html>
<body>
<pre>
<h1>礦ision Build Log</h1>
<h2>Project:</h2>
G:\毕设研究\春辉\导航小车\导航小车程序\STM32程序\2016092201-PID\USER\导航车.uvproj
Project File Date:  09/21/2016

<h2>Output:</h2>
compiling timer.c...
..\HARDWARE\TIMER\timer.c(42): error:  #20: identifier "LED1" is undefined
..\HARDWARE\TIMER\timer.c - 1 Error(s), 0 Warning(s).
compiling timer.c...
..\HARDWARE\TIMER\timer.c(42): error:  #20: identifier "LED1" is undefined
..\HARDWARE\TIMER\timer.c - 1 Error(s), 0 Warning(s).
compiling timer.c...
..\HARDWARE\TIMER\timer.c - 0 Error(s), 0 Warning(s).
Build target 'Target 1'
compiling main.c...
main.c(22): warning:  #223-D: function "Encoder2_Init" declared implicitly
main.c(13): warning:  #177-D: variable "aa_now" was declared but never referenced
main.c(13): warning:  #177-D: variable "aa_old" was declared but never referenced
main.c(13): warning:  #177-D: variable "aa" was declared but never referenced
compiling stm32f10x_it.c...
compiling system_stm32f10x.c...
compiling led.c...
compiling 24l01.c...
compiling spi.c...
compiling encoder.c...
compiling motor.c...
compiling delay.c...
compiling sys.c...
compiling USART2_DMA.c...
compiling USART3_DMA.c...
compiling core_cm3.c...
compiling stm32f10x_gpio.c...
compiling stm32f10x_rcc.c...
compiling stm32f10x_usart.c...
compiling misc.c...
compiling stm32f10x_tim.c...
compiling stm32f10x_dma.c...
compiling stm32f10x_exti.c...
compiling stm32f10x_spi.c...
linking...
Program Size: Code=12536 RO-data=348 RW-data=48 ZI-data=2040  
FromELF: creating hex file...
"..\OBJ\che.axf" - 0 Error(s), 4 Warning(s).
compiling timer.c...
..\HARDWARE\TIMER\timer.c - 0 Error(s), 0 Warning(s).
Build target 'Target 1'
linking...
Program Size: Code=12536 RO-data=348 RW-data=48 ZI-data=2040  
FromELF: creating hex file...
"..\OBJ\che.axf" - 0 Error(s), 0 Warning(s).
compiling timer.c...
..\HARDWARE\TIMER\timer.c - 0 Error(s), 0 Warning(s).
Build target 'Target 1'
compiling main.c...
main.c(23): warning:  #223-D: function "Encoder2_Init" declared implicitly
main.c(14): warning:  #177-D: variable "aa_now" was declared but never referenced
main.c(14): warning:  #177-D: variable "aa_old" was declared but never referenced
main.c(14): warning:  #177-D: variable "aa" was declared but never referenced
linking...
Program Size: Code=12536 RO-data=348 RW-data=48 ZI-data=2040  
FromELF: creating hex file...
"..\OBJ\che.axf" - 0 Error(s), 4 Warning(s).
compiling main.c...
main.c(14): warning:  #177-D: variable "aa_now" was declared but never referenced
main.c(14): warning:  #177-D: variable "aa_old" was declared but never referenced
main.c(14): warning:  #177-D: variable "aa" was declared but never referenced
main.c - 0 Error(s), 3 Warning(s).
Build target 'Target 1'
compiling encoder.c...
linking...
Program Size: Code=12536 RO-data=348 RW-data=48 ZI-data=2040  
FromELF: creating hex file...
"..\OBJ\che.axf" - 0 Error(s), 0 Warning(s).
compiling main.c...
main.c(14): warning:  #177-D: variable "aa_now" was declared but never referenced
main.c(14): warning:  #177-D: variable "aa_old" was declared but never referenced
main.c(14): warning:  #177-D: variable "aa" was declared but never referenced
main.c - 0 Error(s), 3 Warning(s).
Build target 'Target 1'
linking...
Program Size: Code=12548 RO-data=348 RW-data=48 ZI-data=2040  
FromELF: creating hex file...
"..\OBJ\che.axf" - 0 Error(s), 0 Warning(s).
Build target 'Target 1'
linking...
Program Size: Code=12548 RO-data=348 RW-data=48 ZI-data=2040  
FromELF: creating hex file...
"..\OBJ\che.axf" - 0 Error(s), 0 Warning(s).
Build target 'Target 1'
linking...
Program Size: Code=12548 RO-data=348 RW-data=48 ZI-data=2040  
FromELF: creating hex file...
"..\OBJ\che.axf" - 0 Error(s), 0 Warning(s).
Rebuild target 'Target 1'
compiling main.c...
main.c(14): warning:  #177-D: variable "aa_now" was declared but never referenced
main.c(14): warning:  #177-D: variable "aa_old" was declared but never referenced
main.c(14): warning:  #177-D: variable "aa" was declared but never referenced
compiling stm32f10x_it.c...
compiling system_stm32f10x.c...
compiling led.c...
compiling 24l01.c...
compiling spi.c...
compiling encoder.c...
compiling motor.c...
compiling timer.c...
compiling delay.c...
compiling sys.c...
compiling USART2_DMA.c...
compiling USART3_DMA.c...
compiling core_cm3.c...
assembling startup_stm32f10x_hd.s...
compiling stm32f10x_gpio.c...
compiling stm32f10x_rcc.c...
compiling stm32f10x_usart.c...
compiling misc.c...
compiling stm32f10x_tim.c...
compiling stm32f10x_dma.c...
compiling stm32f10x_exti.c...
compiling stm32f10x_spi.c...
linking...
Program Size: Code=12548 RO-data=348 RW-data=48 ZI-data=2040  
FromELF: creating hex file...
"..\OBJ\che.axf" - 0 Error(s), 3 Warning(s).
compiling main.c...
main.c - 0 Error(s), 0 Warning(s).
Build target 'Target 1'
linking...
Program Size: Code=12548 RO-data=348 RW-data=48 ZI-data=2040  
FromELF: creating hex file...
"..\OBJ\che.axf" - 0 Error(s), 0 Warning(s).
compiling main.c...
main.c - 0 Error(s), 0 Warning(s).
Build target 'Target 1'
linking...
Program Size: Code=12548 RO-data=348 RW-data=48 ZI-data=2040  
FromELF: creating hex file...
"..\OBJ\che.axf" - 0 Error(s), 0 Warning(s).
Build target 'Target 1'
linking...
Program Size: Code=12548 RO-data=348 RW-data=48 ZI-data=2040  
FromELF: creating hex file...
"..\OBJ\che.axf" - 0 Error(s), 0 Warning(s).
compiling motor.c...
..\HARDWARE\MOTOR\motor.c - 0 Error(s), 0 Warning(s).
Build target 'Target 1'
linking...
Program Size: Code=12548 RO-data=348 RW-data=48 ZI-data=2040  
FromELF: creating hex file...
"..\OBJ\导航车.axf" - 0 Error(s), 0 Warning(s).
Rebuild target 'Target 1'
compiling main.c...
compiling stm32f10x_it.c...
compiling system_stm32f10x.c...
compiling led.c...
compiling 24l01.c...
compiling spi.c...
compiling encoder.c...
compiling motor.c...
compiling timer.c...
compiling delay.c...
compiling sys.c...
compiling USART2_DMA.c...
compiling USART3_DMA.c...
compiling core_cm3.c...
assembling startup_stm32f10x_hd.s...
compiling stm32f10x_gpio.c...
compiling stm32f10x_rcc.c...
compiling stm32f10x_usart.c...
compiling misc.c...
compiling stm32f10x_tim.c...
compiling stm32f10x_dma.c...
compiling stm32f10x_exti.c...
compiling stm32f10x_spi.c...
linking...
Program Size: Code=12548 RO-data=348 RW-data=48 ZI-data=2040  
FromELF: creating hex file...
"..\OBJ\导航车.axf" - 0 Error(s), 0 Warning(s).
compiling main.c...
main.c(58): error:  #20: identifier "Velocity_Pwm" is undefined
main.c(58): warning:  #223-D: function "velocity" declared implicitly
main.c(62): warning:  #223-D: function "Xianfu_Pwm" declared implicitly
main.c(63): warning:  #223-D: function "Pick_Up" declared implicitly
main.c(63): error:  #20: identifier "Acceleration_Z" is undefined
main.c(63): error:  #20: identifier "Angle_Balance" is undefined
main.c(64): error:  #20: identifier "Flag_Stop" is undefined
main.c(65): warning:  #223-D: function "Put_Down" declared implicitly
main.c(67): warning:  #223-D: function "Turn_Off" declared implicitly
main.c(68): warning:  #223-D: function "Set_Pwm" declared implicitly
main.c(23): warning:  #177-D: variable "num" was declared but never referenced
main.c - 4 Error(s), 7 Warning(s).
Build target 'Target 1'
compiling main.c...
main.c(58): error:  #20: identifier "Velocity_Pwm" is undefined
main.c(58): warning:  #223-D: function "velocity" declared implicitly
main.c(62): warning:  #223-D: function "Xianfu_Pwm" declared implicitly
main.c(63): warning:  #223-D: function "Pick_Up" declared implicitly
main.c(63): error:  #20: identifier "Acceleration_Z" is undefined
main.c(63): error:  #20: identifier "Angle_Balance" is undefined
main.c(64): error:  #20: identifier "Flag_Stop" is undefined
main.c(65): warning:  #223-D: function "Put_Down" declared implicitly
main.c(67): warning:  #223-D: function "Turn_Off" declared implicitly
main.c(68): warning:  #223-D: function "Set_Pwm" declared implicitly
main.c(23): warning:  #177-D: variable "num" was declared but never referenced
compiling control.c...
control.c(2): error:  #5: cannot open source input file "filter.h": No such file or directory
compiling encoder.c...
Target not created
compiling control.c...
control.c(15): error:  #20: identifier "delay_flag" is undefined
control.c(17): error:  #20: identifier "delay_50" is undefined
control.c(38): error:  #20: identifier "Bi_zhang" is undefined
control.c(38): error:  #20: identifier "Flag_sudu" is undefined
control.c(40): error:  #20: identifier "Flag_Qian" is undefined
control.c(41): error:  #20: identifier "Flag_Hou" is undefined
control.c(43): error:  #20: identifier "Distance" is undefined
control.c(43): error:  #20: identifier "Flag_Left" is undefined
control.c(43): error:  #20: identifier "Flag_Right" is undefined
control.c(46): error:  #20: identifier "Encoder_Left" is undefined
control.c(46): error:  #20: identifier "Encoder_Right" is undefined
control.c(54): error:  #20: identifier "Angle_Balance" is undefined
control.c(54): error:  #20: identifier "Voltage" is undefined
control.c(54): error:  #20: identifier "Flag_Stop" is undefined
control.c(67): error:  #20: identifier "AIN2" is undefined
control.c(67): error:  #20: identifier "AIN1" is undefined
control.c(69): error:  #20: identifier "PWMA" is undefined
control.c(70): error:  #20: identifier "BIN1" is undefined
control.c(70): error:  #20: identifier "BIN2" is undefined
control.c(72): error:  #20: identifier "PWMB" is undefined
control.c(83): error:  #20: identifier "Moto1" is undefined
control.c(85): error:  #20: identifier "Moto2" is undefined
control.c(98): error:  #20: identifier "Flag_Stop" is undefined
control.c(101): error:  #20: identifier "AIN1" is undefined
control.c(102): error:  #20: identifier "AIN2" is undefined
control.c(103): error:  #20: identifier "BIN1" is undefined
control.c(104): error:  #20: identifier "BIN2" is undefined
control.c - 27 Error(s), 0 Warning(s).
Build target 'Target 1'
compiling main.c...
main.c(58): error:  #20: identifier "Velocity_Pwm" is undefined
main.c(58): warning:  #223-D: function "velocity" declared implicitly
main.c(62): warning:  #223-D: function "Xianfu_Pwm" declared implicitly
main.c(63): warning:  #223-D: function "Pick_Up" declared implicitly
main.c(63): error:  #20: identifier "Acceleration_Z" is undefined
main.c(63): error:  #20: identifier "Angle_Balance" is undefined
main.c(64): error:  #20: identifier "Flag_Stop" is undefined
main.c(65): warning:  #223-D: function "Put_Down" declared implicitly
main.c(67): warning:  #223-D: function "Turn_Off" declared implicitly
main.c(68): warning:  #223-D: function "Set_Pwm" declared implicitly
main.c(23): warning:  #177-D: variable "num" was declared but never referenced
compiling control.c...
control.c(15): error:  #20: identifier "delay_flag" is undefined
control.c(17): error:  #20: identifier "delay_50" is undefined
control.c(38): error:  #20: identifier "Bi_zhang" is undefined
control.c(38): error:  #20: identifier "Flag_sudu" is undefined
control.c(40): error:  #20: identifier "Flag_Qian" is undefined
control.c(41): error:  #20: identifier "Flag_Hou" is undefined
control.c(43): error:  #20: identifier "Distance" is undefined
control.c(43): error:  #20: identifier "Flag_Left" is undefined
control.c(43): error:  #20: identifier "Flag_Right" is undefined
control.c(46): error:  #20: identifier "Encoder_Left" is undefined
control.c(46): error:  #20: identifier "Encoder_Right" is undefined
control.c(54): error:  #20: identifier "Angle_Balance" is undefined
control.c(54): error:  #20: identifier "Voltage" is undefined
control.c(54): error:  #20: identifier "Flag_Stop" is undefined
control.c(67): error:  #20: identifier "AIN2" is undefined
control.c(67): error:  #20: identifier "AIN1" is undefined
control.c(69): error:  #20: identifier "PWMA" is undefined
control.c(70): error:  #20: identifier "BIN1" is undefined
control.c(70): error:  #20: identifier "BIN2" is undefined
control.c(72): error:  #20: identifier "PWMB" is undefined
control.c(83): error:  #20: identifier "Moto1" is undefined
control.c(85): error:  #20: identifier "Moto2" is undefined
control.c(98): error:  #20: identifier "Flag_Stop" is undefined
control.c(101): error:  #20: identifier "AIN1" is undefined
control.c(102): error:  #20: identifier "AIN2" is undefined
control.c(103): error:  #20: identifier "BIN1" is undefined
control.c(104): error:  #20: identifier "BIN2" is undefined
Target not created
compiling control.c...
control.c(15): error:  #20: identifier "delay_flag" is undefined
control.c(17): error:  #20: identifier "delay_50" is undefined
control.c(56): error:  #20: identifier "AIN1" is undefined
control.c(56): error:  #20: identifier "AIN2" is undefined
control.c(58): error:  #20: identifier "PWMA" is undefined
control.c(59): error:  #20: identifier "BIN1" is undefined
control.c(59): error:  #20: identifier "BIN2" is undefined
control.c(61): error:  #20: identifier "PWMB" is undefined
control.c(72): error:  #20: identifier "Moto1" is undefined
control.c(74): error:  #20: identifier "Moto2" is undefined
control.c(87): error:  #20: identifier "Flag_Stop" is undefined
control.c(90): error:  #20: identifier "AIN1" is undefined
control.c(91): error:  #20: identifier "AIN2" is undefined
control.c(92): error:  #20: identifier "BIN1" is undefined
control.c(93): error:  #20: identifier "BIN2" is undefined
control.c - 15 Error(s), 0 Warning(s).
compiling control.c...
control.c(15): error:  #20: identifier "delay_flag" is undefined
control.c(17): error:  #20: identifier "delay_50" is undefined
control.c(72): error:  #20: identifier "Moto1" is undefined
control.c(74): error:  #20: identifier "Moto2" is undefined
control.c(87): error:  #20: identifier "Flag_Stop" is undefined
control.c - 5 Error(s), 0 Warning(s).
