<html>
<body>
<pre>
<h1>礦ision Build Log</h1>
<h2>Project:</h2>
G:\毕设研究\春辉\导航小车\导航小车程序\STM32程序\2016112501-代码规范修改\USER\导航车.uvproj
Project File Date:  11/24/2016

<h2>Output:</h2>
compiling encoder.c...
..\HARDWARE\ENCODER\encoder.c - 0 Error(s), 0 Warning(s).
compiling encoder.c...
..\HARDWARE\ENCODER\encoder.c - 0 Error(s), 0 Warning(s).
Build target 'Target 1'
linking...
Program Size: Code=13884 RO-data=336 RW-data=124 ZI-data=2348  
FromELF: creating hex file...
"..\OBJ\导航车.axf" - 0 Error(s), 0 Warning(s).
compiling encoder.c...
..\HARDWARE\ENCODER\encoder.c - 0 Error(s), 0 Warning(s).
Build target 'Target 1'
linking...
Program Size: Code=13884 RO-data=336 RW-data=124 ZI-data=2348  
FromELF: creating hex file...
"..\OBJ\导航车.axf" - 0 Error(s), 0 Warning(s).
compiling motor.c...
..\HARDWARE\MOTOR\motor.c - 0 Error(s), 0 Warning(s).
Build target 'Target 1'
compiling main.c...
compiling control.c...
compiling usart2_dma.c...
linking...
Program Size: Code=13884 RO-data=336 RW-data=124 ZI-data=2348  
FromELF: creating hex file...
"..\OBJ\导航车.axf" - 0 Error(s), 0 Warning(s).
compiling motor.c...
..\HARDWARE\MOTOR\motor.c - 0 Error(s), 0 Warning(s).
Build target 'Target 1'
compiling main.c...
compiling control.c...
compiling usart2_dma.c...
linking...
Program Size: Code=13884 RO-data=336 RW-data=124 ZI-data=2348  
FromELF: creating hex file...
"..\OBJ\导航车.axf" - 0 Error(s), 0 Warning(s).
compiling motor.c...
..\HARDWARE\MOTOR\motor.c - 0 Error(s), 0 Warning(s).
Build target 'Target 1'
linking...
Program Size: Code=13884 RO-data=336 RW-data=124 ZI-data=2348  
FromELF: creating hex file...
"..\OBJ\导航车.axf" - 0 Error(s), 0 Warning(s).
compiling motor.c...
..\HARDWARE\MOTOR\motor.c - 0 Error(s), 0 Warning(s).
Build target 'Target 1'
linking...
Program Size: Code=13884 RO-data=336 RW-data=124 ZI-data=2348  
FromELF: creating hex file...
"..\OBJ\导航车.axf" - 0 Error(s), 0 Warning(s).
compiling motor.c...
..\HARDWARE\MOTOR\motor.c - 0 Error(s), 0 Warning(s).
Build target 'Target 1'
linking...
Program Size: Code=13884 RO-data=336 RW-data=124 ZI-data=2348  
FromELF: creating hex file...
"..\OBJ\导航车.axf" - 0 Error(s), 0 Warning(s).
Build target 'Target 1'
linking...
Program Size: Code=13884 RO-data=336 RW-data=124 ZI-data=2348  
FromELF: creating hex file...
"..\OBJ\导航车.axf" - 0 Error(s), 0 Warning(s).
compiling motor.c...
..\HARDWARE\MOTOR\motor.c - 0 Error(s), 0 Warning(s).
Build target 'Target 1'
compiling main.c...
compiling timer.c...
linking...
Program Size: Code=13892 RO-data=336 RW-data=124 ZI-data=2348  
FromELF: creating hex file...
"..\OBJ\导航车.axf" - 0 Error(s), 0 Warning(s).
Build target 'Target 1'
linking...
Program Size: Code=13892 RO-data=336 RW-data=124 ZI-data=2348  
FromELF: creating hex file...
"..\OBJ\导航车.axf" - 0 Error(s), 0 Warning(s).
compiling timer.c...
..\HARDWARE\TIMER\timer.c - 0 Error(s), 0 Warning(s).
Build target 'Target 1'
compiling main.c...
compiling motor.c...
linking...
Program Size: Code=13900 RO-data=336 RW-data=124 ZI-data=2348  
FromELF: creating hex file...
"..\OBJ\导航车.axf" - 0 Error(s), 0 Warning(s).
compiling timer.c...
..\HARDWARE\TIMER\timer.c(41): warning:  #68-D: integer conversion resulted in a change of sign
..\HARDWARE\TIMER\timer.c(42): error:  #20: identifier "TRUE" is undefined
..\HARDWARE\TIMER\timer.c - 1 Error(s), 1 Warning(s).
compiling timer.c...
..\HARDWARE\TIMER\timer.c(61): warning:  #68-D: integer conversion resulted in a change of sign
..\HARDWARE\TIMER\timer.c - 0 Error(s), 1 Warning(s).
compiling timer.c...
..\HARDWARE\TIMER\timer.c - 0 Error(s), 0 Warning(s).
compiling timer.c...
..\HARDWARE\TIMER\timer.c - 0 Error(s), 0 Warning(s).
Build target 'Target 1'
linking...
Program Size: Code=13908 RO-data=336 RW-data=124 ZI-data=2348  
FromELF: creating hex file...
"..\OBJ\导航车.axf" - 0 Error(s), 0 Warning(s).
Build target 'Target 1'
linking...
Program Size: Code=13908 RO-data=336 RW-data=124 ZI-data=2348  
FromELF: creating hex file...
"..\OBJ\导航车.axf" - 0 Error(s), 0 Warning(s).
Build target 'Target 1'
linking...
Program Size: Code=13908 RO-data=336 RW-data=124 ZI-data=2348  
FromELF: creating hex file...
"..\OBJ\导航车.axf" - 0 Error(s), 0 Warning(s).
compiling timer.c...
..\HARDWARE\TIMER\timer.c - 0 Error(s), 0 Warning(s).
Build target 'Target 1'
linking...
Program Size: Code=13908 RO-data=336 RW-data=124 ZI-data=2348  
FromELF: creating hex file...
"..\OBJ\导航车.axf" - 0 Error(s), 0 Warning(s).
compiling main.c...
main.c - 0 Error(s), 0 Warning(s).
Build target 'Target 1'
compiling timer.c...
linking...
Program Size: Code=13908 RO-data=336 RW-data=124 ZI-data=2348  
FromELF: creating hex file...
"..\OBJ\导航车.axf" - 0 Error(s), 0 Warning(s).
Rebuild target 'Target 1'
compiling main.c...
compiling stm32f10x_it.c...
compiling system_stm32f10x.c...
compiling control.c...
compiling led.c...
compiling encoder.c...
compiling motor.c...
compiling timer.c...
compiling cc2541.c...
compiling delay.c...
compiling sys.c...
compiling usart1_dma.c...
compiling usart2_dma.c...
compiling usart3_dma.c...
compiling core_cm3.c...
assembling startup_stm32f10x_hd.s...
compiling stm32f10x_gpio.c...
compiling stm32f10x_rcc.c...
compiling stm32f10x_usart.c...
compiling misc.c...
compiling stm32f10x_tim.c...
compiling stm32f10x_dma.c...
compiling stm32f10x_exti.c...
linking...
Program Size: Code=13908 RO-data=336 RW-data=124 ZI-data=2348  
FromELF: creating hex file...
"..\OBJ\导航车.axf" - 0 Error(s), 0 Warning(s).
compiling main.c...
main.c - 0 Error(s), 0 Warning(s).
Build target 'Target 1'
compiling control.c...
compiling led.c...
compiling encoder.c...
compiling motor.c...
compiling timer.c...
compiling cc2541.c...
compiling usart2_dma.c...
linking...
Program Size: Code=13908 RO-data=336 RW-data=124 ZI-data=2348  
FromELF: creating hex file...
"..\OBJ\导航车.axf" - 0 Error(s), 0 Warning(s).
compiling control.c...
control.c(57): error:  #147-D: declaration is incompatible with "void Xianfu_Pwm(int, int)" (declared at line 18 of "control.h")
control.c - 1 Error(s), 0 Warning(s).
compiling control.c...
control.c - 0 Error(s), 0 Warning(s).
Build target 'Target 1'
compiling main.c...
main.c(66): error:  #167: argument of type "int" is incompatible with parameter of type "int *"
main.c(66): error:  #167: argument of type "int" is incompatible with parameter of type "int *"
compiling cc2541.c...
Target not created
compiling control.c...
control.c(45): warning:  #223-D: function "myabs" declared implicitly
control.c(96): warning:  #177-D: function "int_abs" was declared but never referenced
control.c - 0 Error(s), 2 Warning(s).
compiling control.c...
control.c - 0 Error(s), 0 Warning(s).
Build target 'Target 1'
compiling main.c...
linking...
Program Size: Code=13916 RO-data=336 RW-data=124 ZI-data=2348  
FromELF: creating hex file...
"..\OBJ\导航车.axf" - 0 Error(s), 0 Warning(s).
compiling control.c...
control.c - 0 Error(s), 0 Warning(s).
compiling control.c...
control.c - 0 Error(s), 0 Warning(s).
Build target 'Target 1'
compiling encoder.c...
linking...
Program Size: Code=13936 RO-data=336 RW-data=124 ZI-data=2348  
FromELF: creating hex file...
"..\OBJ\导航车.axf" - 0 Error(s), 0 Warning(s).
Build target 'Target 1'
compiling main.c...
compiling control.c...
linking...
Program Size: Code=13936 RO-data=336 RW-data=124 ZI-data=2348  
FromELF: creating hex file...
"..\OBJ\导航车.axf" - 0 Error(s), 0 Warning(s).
compiling cc2541.c...
..\HARDWARE\CC2541\cc2541.c - 0 Error(s), 0 Warning(s).
compiling control.c...
control.c - 0 Error(s), 0 Warning(s).
Build target 'Target 1'
compiling main.c...
linking...
Program Size: Code=13936 RO-data=336 RW-data=124 ZI-data=2348  
FromELF: creating hex file...
"..\OBJ\导航车.axf" - 0 Error(s), 0 Warning(s).
compiling main.c...
main.c - 0 Error(s), 0 Warning(s).
Build target 'Target 1'
compiling control.c...
linking...
..\OBJ\导航车.axf: Error: L6218E: Undefined symbol Target_Left (referred from cc2541.o).
..\OBJ\导航车.axf: Error: L6218E: Undefined symbol Target_Right (referred from cc2541.o).
Target not created
compiling main.c...
main.c - 0 Error(s), 0 Warning(s).
Build target 'Target 1'
compiling cc2541.c...
linking...
..\OBJ\导航车.axf: Error: L6218E: Undefined symbol Target_Left (referred from usart2_dma.o).
..\OBJ\导航车.axf: Error: L6218E: Undefined symbol Target_Right (referred from usart2_dma.o).
Target not created
compiling main.c...
main.c - 0 Error(s), 0 Warning(s).
Build target 'Target 1'
compiling usart2_dma.c...
linking...
Program Size: Code=13964 RO-data=336 RW-data=124 ZI-data=2348  
FromELF: creating hex file...
"..\OBJ\导航车.axf" - 0 Error(s), 0 Warning(s).
Build target 'Target 1'
linking...
Program Size: Code=13964 RO-data=336 RW-data=124 ZI-data=2348  
FromELF: creating hex file...
"..\OBJ\导航车.axf" - 0 Error(s), 0 Warning(s).
Rebuild target 'Target 1'
compiling main.c...
compiling stm32f10x_it.c...
compiling system_stm32f10x.c...
compiling control.c...
compiling led.c...
compiling encoder.c...
compiling motor.c...
compiling timer.c...
compiling cc2541.c...
compiling delay.c...
compiling sys.c...
compiling usart1_dma.c...
compiling usart2_dma.c...
compiling usart3_dma.c...
compiling core_cm3.c...
assembling startup_stm32f10x_hd.s...
compiling stm32f10x_gpio.c...
compiling stm32f10x_rcc.c...
compiling stm32f10x_usart.c...
compiling misc.c...
compiling stm32f10x_tim.c...
compiling stm32f10x_dma.c...
compiling stm32f10x_exti.c...
linking...
Program Size: Code=13964 RO-data=336 RW-data=124 ZI-data=2348  
FromELF: creating hex file...
"..\OBJ\导航车.axf" - 0 Error(s), 0 Warning(s).
compiling main.c...
control.h(18): error:  #77-D: this declaration has no storage class or type specifier
control.h(18): error:  #65: expected a ";"
main.c - 2 Error(s), 0 Warning(s).
compiling control.c...
control.c - 0 Error(s), 0 Warning(s).
Build target 'Target 1'
compiling main.c...
linking...
Program Size: Code=13964 RO-data=336 RW-data=124 ZI-data=2348  
FromELF: creating hex file...
"..\OBJ\导航车.axf" - 0 Error(s), 0 Warning(s).
compiling control.c...
control.c - 0 Error(s), 0 Warning(s).
Build target 'Target 1'
linking...
Program Size: Code=13964 RO-data=336 RW-data=124 ZI-data=2348  
FromELF: creating hex file...
"..\OBJ\导航车.axf" - 0 Error(s), 0 Warning(s).
compiling main.c...
main.c - 0 Error(s), 0 Warning(s).
Build target 'Target 1'
linking...
Program Size: Code=13964 RO-data=336 RW-data=124 ZI-data=2348  
FromELF: creating hex file...
"..\OBJ\导航车.axf" - 0 Error(s), 0 Warning(s).
Build target 'Target 1'
linking...
Program Size: Code=13964 RO-data=336 RW-data=124 ZI-data=2348  
FromELF: creating hex file...
"..\OBJ\导航车.axf" - 0 Error(s), 0 Warning(s).
Rebuild target 'Target 1'
compiling main.c...
compiling stm32f10x_it.c...
compiling system_stm32f10x.c...
compiling control.c...
compiling led.c...
compiling encoder.c...
compiling motor.c...
compiling timer.c...
compiling cc2541.c...
compiling delay.c...
compiling sys.c...
compiling usart1_dma.c...
compiling usart2_dma.c...
compiling usart3_dma.c...
compiling core_cm3.c...
assembling startup_stm32f10x_hd.s...
compiling stm32f10x_gpio.c...
compiling stm32f10x_rcc.c...
compiling stm32f10x_usart.c...
compiling misc.c...
compiling stm32f10x_tim.c...
compiling stm32f10x_dma.c...
compiling stm32f10x_exti.c...
linking...
Program Size: Code=13964 RO-data=336 RW-data=124 ZI-data=2348  
FromELF: creating hex file...
"..\OBJ\导航车.axf" - 0 Error(s), 0 Warning(s).
